468 cells, 468 to run
{"episode": "P3925_20171020.172955_455nm", "arm": "classical", "t": 1789757880.6238244, "wall_s": 26.4, "exit_code": 0, "timed_out": false, "result_subtype": "success", "num_turns": 6, "cost_usd": 0.191219, "error": null, "skipped": null}
{"episode": "P3592_20170802.125607_602nm", "arm": "classical", "t": 1789757885.9459069, "wall_s": 31.8, "exit_code": 0, "timed_out": false, "result_subtype": "success", "num_turns": 8, "cost_usd": 0.280316, "error": null, "skipped": null}
{"episode": "P3592_20170802.125607_602nm", "arm": "bare", "t": 1789757890.3475585, "wall_s": 36.2, "exit_code": 0, "timed_out": false, "result_subtype": "success", "num_turns": 10, "cost_usd": 0.2954245, "error": null, "skipped": null}
{"episode": "P3592_20170802.125607_602nm", "arm": "fm_forced", "t": 1789757912.3446288, "wall_s": 58.2, "exit_code": 0, "timed_out": false, "result_subtype": "success", "num_turns": 17, "cost_usd": 0.41636150000000005, "error": null, "skipped": null}
{"episode": "2297_20200302.142608_CA1", "arm": "classical", "t": 1789757912.4929655, "wall_s": 22.1, "exit_code": 0, "timed_out": false, "result_subtype": "success", "num_turns": 7, "cost_usd": 0.1695485, "error": null, "skipped": null}
{"episode": "P3925_20171020.172955_455nm", "arm": "bare", "t": 1789757919.6501396, "wall_s": 33.7, "exit_code": 0, "timed_out": false, "result_subtype": "success", "num_turns": 9, "cost_usd": 0.2385955, "error": null, "skipped": null}
{"episode": "2297_20200302.142608_CA1", "arm": "bare", "t": 1789757943.479371, "wall_s": 31.0, "exit_code": 0, "timed_out": false, "result_subtype": "success", "num_turns": 10, "cost_usd": 0.148566, "error": null, "skipped": null}
{"episode": "P3925_20171020.172955_455nm", "arm": "fm_forced", "t": 1789757943.887939, "wall_s": 63.3, "exit_code": 0, "timed_out": false, "result_subtype": "success", "num_turns": 18, "cost_usd": 0.3827229999999999, "error": null, "skipped": null}
{"episode": "2297_20200302.142608_CA1", "arm": "fm_forced", "t": 1789757956.0728273, "wall_s": 43.7, "exit_code": 0, "timed_out": false, "result_subtype": "success", "num_turns": 18, "cost_usd": 0.28498150000000005, "error": null, "skipped": null}
{"episode": "3519_20200218.16241_CA2", "arm": "classical", "t": 1789757967.7135518, "wall_s": 23.8, "exit_code": 0, "timed_out": false, "result_subtype": "success", "num_turns": 7, "cost_usd": 0.160602, "error": null, "skipped": null}
{"episode": "3519_20200218.16241_CA2", "arm": "bare", "t": 1789757970.0326397, "wall_s": 26.6, "exit_code": 0, "timed_out": false, "result_subtype": "success", "num_turns": 11, "cost_usd": 0.1376465, "error": null, "skipped": null}
{"episode": "3519_20200218.16241_CA2", "arm": "fm_forced", "t": 1789757974.3145, "wall_s": 54.7, "exit_code": 0, "timed_out": false, "result_subtype": "success", "num_turns": 24, "cost_usd": 0.337754, "error": null, "skipped": null}
{"episode": "P3224_20160412.145824_385nm", "arm": "bare", "t": 1789757984.555348, "wall_s": 28.5, "exit_code": 0, "timed_out": false, "result_subtype": "success", "num_turns": 11, "cost_usd": 0.136932, "error": null, "skipped": null}
{"episode": "P3224_20160412.145824_385nm", "arm": "classical", "t": 1789757999.1945808, "wall_s": 31.5, "exit_code": 0, "timed_out": false, "result_subtype": "success", "num_turns": 11, "cost_usd": 0.3380245, "error": null, "skipped": null}
{"episode": "P3224_20160412.145824_385nm", "arm": "fm_forced", "t": 1789758010.9434159, "wall_s": 40.9, "exit_code": 0, "timed_out": false, "result_subtype": "success", "num_turns": 17, "cost_usd": 0.408004, "error": null, "skipped": null}
{"episode": "P3102_20170824.101709_516nm", "arm": "classical", "t": 1789758018.9679122, "wall_s": 34.4, "exit_code": 0, "timed_out": false, "result_subtype": "success", "num_turns": 8, "cost_usd": 0.29768449999999996, "error": null, "skipped": null}
{"episode": "P3102_20170824.101709_516nm", "arm": "fm_forced", "t": 1789758026.8783703, "wall_s": 52.6, "exit_code": 0, "timed_out": false, "result_subtype": "success", "num_turns": 15, "cost_usd": 0.3980895, "error": null, "skipped": null}
{"episode": "P3102_20170824.101709_516nm", "arm": "bare", "t": 1789758029.716507, "wall_s": 30.5, "exit_code": 0, "timed_out": false, "result_subtype": "success", "num_turns": 9, "cost_usd": 0.27611549999999996, "error": null, "skipped": null}
{"episode": "P3072_20160818.173325_385nm", "arm": "classical", "t": 1789758038.0438569, "wall_s": 19.1, "exit_code": 0, "timed_out": false, "result_subtype": "success", "num_turns": 6, "cost_usd": 0.093914, "error": null, "skipped": null}
{"episode": "P3072_20160818.173325_385nm", "arm": "bare", "t": 1789758050.8204734, "wall_s": 23.9, "exit_code": 0, "timed_out": false, "result_subtype": "success", "num_turns": 6, "cost_usd": 0.1071335, "error": null, "skipped": null}
{"episode": "P3072_20160818.173325_385nm", "arm": "fm_forced", "t": 1789758060.9775453, "wall_s": 50.0, "exit_code": 0, "timed_out": false, "result_subtype": "success", "num_turns": 17, "cost_usd": 0.366363, "error": null, "skipped": null}
{"episode": "P3925_20171020.172955_516nm", "arm": "classical", "t": 1789758073.7993376, "wall_s": 35.8, "exit_code": 0, "timed_out": false, "result_subtype": "success", "num_turns": 8, "cost_usd": 0.256967, "error": null, "skipped": null}
{"episode": "P3925_20171020.172955_516nm", "arm": "bare", "t": 1789758073.9068983, "wall_s": 44.2, "exit_code": 0, "timed_out": false, "result_subtype": "success", "num_turns": 11, "cost_usd": 0.29128450000000006, "error": null, "skipped": null}
{"episode": "P3199_20160210.142934_385nm", "arm": "classical", "t": 1789758094.7561085, "wall_s": 20.8, "exit_code": 0, "timed_out": false, "result_subtype": "success", "num_turns": 6, "cost_usd": 0.10013049999999998, "error": null, "skipped": null}
{"episode": "P3199_20160210.142934_385nm", "arm": "bare", "t": 1789758096.2577202, "wall_s": 22.5, "exit_code": 0, "timed_out": false, "result_subtype": "success", "num_turns": 11, "cost_usd": 0.115313, "error": null, "skipped": null}
{"episode": "P3199_20160210.142934_385nm", "arm": "fm_forced", "t": 1789758103.737874, "wall_s": 42.8, "exit_code": 0, "timed_out": false, "result_subtype": "success", "num_turns": 17, "cost_usd": 0.3792725, "error": null, "skipped": null}
{"episode": "P3454_20160314.124627_385nm", "arm": "classical", "t": 1789758123.8401306, "wall_s": 27.6, "exit_code": 0, "timed_out": false, "result_subtype": "success", "num_turns": 8, "cost_usd": 0.30911299999999997, "error": null, "skipped": null}
{"episode": "P3925_20171020.172955_516nm", "arm": "fm_forced", "t": 1789758128.2173874, "wall_s": 77.4, "exit_code": 0, "timed_out": false, "result_subtype": "success", "num_turns": 22, "cost_usd": 0.45655199999999996, "error": null, "skipped": null}
{"episode": "P3454_20160314.124627_385nm", "arm": "bare", "t": 1789758140.1152928, "wall_s": 36.4, "exit_code": 0, "timed_out": false, "result_subtype": "success", "num_turns": 11, "cost_usd": 0.16301749999999998, "error": null, "skipped": null}
{"episode": "P3454_20160314.124627_385nm", "arm": "fm_forced", "t": 1789758146.3068795, "wall_s": 51.5, "exit_code": 0, "timed_out": false, "result_subtype": "success", "num_turns": 20, "cost_usd": 0.4514055, "error": null, "skipped": null}
{"episode": "5418_20200218.145757_CA2", "arm": "classical", "t": 1789758152.421104, "wall_s": 28.6, "exit_code": 0, "timed_out": false, "result_subtype": "success", "num_turns": 10, "cost_usd": 0.186881, "error": null, "skipped": null}
{"episode": "5418_20200218.145757_CA2", "arm": "bare", "t": 1789758159.0001366, "wall_s": 30.8, "exit_code": 0, "timed_out": false, "result_subtype": "success", "num_turns": 10, "cost_usd": 0.13837, "error": null, "skipped": null}
{"episode": "2286_20200218.144917_CA2", "arm": "classical", "t": 1789758169.7866378, "wall_s": 23.5, "exit_code": 0, "timed_out": false, "result_subtype": "success", "num_turns": 7, "cost_usd": 0.11082549999999998, "error": null, "skipped": null}
{"episode": "2286_20200218.144917_CA2", "arm": "bare", "t": 1789758175.8840623, "wall_s": 23.5, "exit_code": 0, "timed_out": false, "result_subtype": "success", "num_turns": 6, "cost_usd": 0.10452499999999999, "error": null, "skipped": null}
{"episode": "5418_20200218.145757_CA2", "arm": "fm_forced", "t": 1789758196.2465174, "wall_s": 56.1, "exit_code": 0, "timed_out": false, "result_subtype": "success", "num_turns": 23, "cost_usd": 0.323052, "error": null, "skipped": null}
{"episode": "2286_20200218.144917_CA2", "arm": "fm_forced", "t": 1789758202.754954, "wall_s": 43.8, "exit_code": 0, "timed_out": false, "result_subtype": "success", "num_turns": 17, "cost_usd": 0.41792300000000004, "error": null, "skipped": null}
{"episode": "5415_20220623.175729_CA2", "arm": "bare", "t": 1789758203.291828, "wall_s": 27.4, "exit_code": 0, "timed_out": false, "result_subtype": "success", "num_turns": 9, "cost_usd": 0.123671, "error": null, "skipped": null}
{"episode": "5415_20220623.175729_CA2", "arm": "fm_forced", "t": 1789758214.6450849, "wall_s": 44.9, "exit_code": 0, "timed_out": false, "result_subtype": "success", "num_turns": 16, "cost_usd": 0.40159, "error": null, "skipped": null}
{"episode": "5415_20220623.175729_CA2", "arm": "classical", "t": 1789758225.401234, "wall_s": 29.2, "exit_code": 0, "timed_out": false, "result_subtype": "success", "num_turns": 10, "cost_usd": 0.136822, "error": null, "skipped": null}
{"episode": "5415_20200218.161125_CA2", "arm": "classical", "t": 1789758227.8937783, "wall_s": 24.6, "exit_code": 0, "timed_out": false, "result_subtype": "success", "num_turns": 7, "cost_usd": 0.2890365, "error": null, "skipped": null}
{"episode": "5415_20200218.161125_CA2", "arm": "bare", "t": 1789758244.5005188, "wall_s": 29.9, "exit_code": 0, "timed_out": false, "result_subtype": "success", "num_turns": 10, "cost_usd": 0.141223, "error": null, "skipped": null}
{"episode": "5415_20200218.161125_CA2", "arm": "fm_forced", "t": 1789758249.1857593, "wall_s": 46.4, "exit_code": 0, "timed_out": false, "result_subtype": "success", "num_turns": 15, "cost_usd": 0.417419, "error": null, "skipped": null}
{"episode": "P3594_20170802.122251_455nm", "arm": "bare", "t": 1789758252.2267869, "wall_s": 26.8, "exit_code": 0, "timed_out": false, "result_subtype": "success", "num_turns": 6, "cost_usd": 0.24220650000000002, "error": null, "skipped": null}
{"episode": "P3594_20170802.122251_455nm", "arm": "classical", "t": 1789758254.154125, "wall_s": 26.3, "exit_code": 0, "timed_out": false, "result_subtype": "success", "num_turns": 7, "cost_usd": 0.26376350000000004, "error": null, "skipped": null}
{"episode": "5436_20220623.173226_CA4", "arm": "bare", "t": 1789758278.1921356, "wall_s": 24.0, "exit_code": 0, "timed_out": false, "result_subtype": "success", "num_turns": 10, "cost_usd": 0.122075, "error": null, "skipped": null}
{"episode": "5436_20220623.173226_CA4", "arm": "classical", "t": 1789758281.0736885, "wall_s": 28.8, "exit_code": 0, "timed_out": false, "result_subtype": "success", "num_turns": 11, "cost_usd": 0.210174, "error": null, "skipped": null}
{"episode": "5436_20220623.173226_CA4", "arm": "fm_forced", "t": 1789758293.2090752, "wall_s": 44.0, "exit_code": 0, "timed_out": false, "result_subtype": "success", "num_turns": 18, "cost_usd": 0.2827765, "error": null, "skipped": null}
{"episode": "P3594_20170802.122251_455nm", "arm": "fm_forced", "t": 1789758297.3179395, "wall_s": 52.8, "exit_code": 0, "timed_out": false, "result_subtype": "success", "num_turns": 18, "cost_usd": 0.41181650000000003, "error": null, "skipped": null}
{"episode": "4130_20200218.163122_CA2", "arm": "classical", "t": 1789758311.0206776, "wall_s": 29.9, "exit_code": 0, "timed_out": false, "result_subtype": "success", "num_turns": 8, "cost_usd": 0.2267, "error": null, "skipped": null}
{"episode": "4130_20200218.163122_CA2", "arm": "fm_forced", "t": 1789758321.7034738, "wall_s": 43.5, "exit_code": 0, "timed_out": false, "result_subtype": "success", "num_turns": 15, "cost_usd": 0.2948505, "error": null, "skipped": null}
{"episode": "4130_20200218.163122_CA2", "arm": "bare", "t": 1789758329.7636516, "wall_s": 36.6, "exit_code": 0, "timed_out": false, "result_subtype": "success", "num_turns": 10, "cost_usd": 0.177841, "error": null, "skipped": null}
{"episode": "5436_20220623.173226_CA2", "arm": "bare", "t": 1789758332.3231368, "wall_s": 21.3, "exit_code": 0, "timed_out": false, "result_subtype": "success", "num_turns": 6, "cost_usd": 0.100316, "error": null, "skipped": null}
{"episode": "5436_20220623.173226_CA2", "arm": "fm_forced", "t": 1789758341.0084841, "wall_s": 43.7, "exit_code": 0, "timed_out": false, "result_subtype": "success", "num_turns": 17, "cost_usd": 0.27322549999999995, "error": null, "skipped": null}
{"episode": "5436_20220623.173226_CA2", "arm": "classical", "t": 1789758345.952276, "wall_s": 24.2, "exit_code": 0, "timed_out": false, "result_subtype": "success", "num_turns": 8, "cost_usd": 0.18130100000000002, "error": null, "skipped": null}
{"episode": "P3588_20170802.131816_455nm", "arm": "classical", "t": 1789758363.6819928, "wall_s": 31.4, "exit_code": 0, "timed_out": false, "result_subtype": "success", "num_turns": 8, "cost_usd": 0.362969, "error": null, "skipped": null}
{"episode": "P3588_20170802.131816_455nm", "arm": "bare", "t": 1789758366.7914069, "wall_s": 25.8, "exit_code": 0, "timed_out": false, "result_subtype": "success", "num_turns": 6, "cost_usd": 0.3135095, "error": null, "skipped": null}
{"episode": "5435_20220623.112423_CA2", "arm": "bare", "t": 1789758375.460959, "wall_s": 29.5, "exit_code": 0, "timed_out": false, "result_subtype": "success", "num_turns": 10, "cost_usd": 0.1460105, "error": null, "skipped": null}
{"episode": "P3588_20170802.131816_455nm", "arm": "fm_forced", "t": 1789758390.4558072, "wall_s": 60.7, "exit_code": 0, "timed_out": false, "result_subtype": "success", "num_turns": 16, "cost_usd": 0.50542, "error": null, "skipped": null}
{"episode": "5435_20220623.112423_CA2", "arm": "classical", "t": 1789758392.708801, "wall_s": 29.0, "exit_code": 0, "timed_out": false, "result_subtype": "success", "num_turns": 8, "cost_usd": 0.20761, "error": null, "skipped": null}
{"episode": "5417_20200218.145212_CA3", "arm": "classical", "t": 1789758398.7280326, "wall_s": 23.3, "exit_code": 0, "timed_out": false, "result_subtype": "success", "num_turns": 7, "cost_usd": 0.11537349999999999, "error": null, "skipped": null}
{"episode": "5435_20220623.112423_CA2", "arm": "fm_forced", "t": 1789758411.0370142, "wall_s": 44.2, "exit_code": 0, "timed_out": false, "result_subtype": "success", "num_turns": 17, "cost_usd": 0.28190400000000004, "error": null, "skipped": null}
{"episode": "5417_20200218.145212_CA3", "arm": "bare", "t": 1789758417.4967918, "wall_s": 24.8, "exit_code": 0, "timed_out": false, "result_subtype": "success", "num_turns": 9, "cost_usd": 0.121469, "error": null, "skipped": null}
{"episode": "P3574_20170802.123609_516nm", "arm": "bare", "t": 1789758434.8691137, "wall_s": 23.8, "exit_code": 0, "timed_out": false, "result_subtype": "success", "num_turns": 6, "cost_usd": 0.20899299999999998, "error": null, "skipped": null}
{"episode": "P3574_20170802.123609_516nm", "arm": "classical", "t": 1789758445.1344771, "wall_s": 27.6, "exit_code": 0, "timed_out": false, "result_subtype": "success", "num_turns": 7, "cost_usd": 0.2280995, "error": null, "skipped": null}
{"episode": "5417_20200218.145212_CA3", "arm": "fm_forced", "t": 1789758445.9487286, "wall_s": 55.5, "exit_code": 0, "timed_out": false, "result_subtype": "success", "num_turns": 23, "cost_usd": 0.394217, "error": null, "skipped": null}
{"episode": "P3574_20170802.123609_516nm", "arm": "fm_forced", "t": 1789758448.3432126, "wall_s": 49.6, "exit_code": 0, "timed_out": false, "result_subtype": "success", "num_turns": 15, "cost_usd": 0.352627, "error": null, "skipped": null}
{"episode": "2300_20200218.162234_CA3", "arm": "bare", "t": 1789758461.409025, "wall_s": 26.5, "exit_code": 0, "timed_out": false, "result_subtype": "success", "num_turns": 9, "cost_usd": 0.1311485, "error": null, "skipped": null}
{"episode": "P3202_20160229.105032_385nm", "arm": "classical", "t": 1789758472.311866, "wall_s": 24.0, "exit_code": 0, "timed_out": false, "result_subtype": "success", "num_turns": 7, "cost_usd": 0.32414449999999995, "error": null, "skipped": null}
{"episode": "2300_20200218.162234_CA3", "arm": "classical", "t": 1789758474.4480536, "wall_s": 29.3, "exit_code": 0, "timed_out": false, "result_subtype": "success", "num_turns": 11, "cost_usd": 0.24361299999999997, "error": null, "skipped": null}
{"episode": "2300_20200218.162234_CA3", "arm": "fm_forced", "t": 1789758495.1091516, "wall_s": 49.2, "exit_code": 0, "timed_out": false, "result_subtype": "success", "num_turns": 20, "cost_usd": 0.35421199999999997, "error": null, "skipped": null}
{"episode": "P3202_20160229.105032_385nm", "arm": "bare", "t": 1789758500.728357, "wall_s": 28.4, "exit_code": 0, "timed_out": false, "result_subtype": "success", "num_turns": 8, "cost_usd": 0.12273399999999998, "error": null, "skipped": null}
{"episode": "P3202_20160229.105032_385nm", "arm": "fm_forced", "t": 1789758508.697108, "wall_s": 47.3, "exit_code": 0, "timed_out": false, "result_subtype": "success", "num_turns": 14, "cost_usd": 0.4646925, "error": null, "skipped": null}
{"episode": "P3925_20171026.105605_455nm", "arm": "classical", "t": 1789758523.6375675, "wall_s": 49.2, "exit_code": 0, "timed_out": false, "result_subtype": "success", "num_turns": 11, "cost_usd": 0.31832799999999994, "error": null, "skipped": null}
{"episode": "P3925_20171026.105605_455nm", "arm": "bare", "t": 1789758525.6380956, "wall_s": 30.5, "exit_code": 0, "timed_out": false, "result_subtype": "success", "num_turns": 6, "cost_usd": 0.212852, "error": null, "skipped": null}
{"episode": "2298_20200218.144149_CA3", "arm": "bare", "t": 1789758537.9742222, "wall_s": 29.3, "exit_code": 0, "timed_out": false, "result_subtype": "success", "num_turns": 10, "cost_usd": 0.141076, "error": null, "skipped": null}
{"episode": "2298_20200218.144149_CA3", "arm": "classical", "t": 1789758544.727124, "wall_s": 19.1, "exit_code": 0, "timed_out": false, "result_subtype": "success", "num_turns": 6, "cost_usd": 0.0940215, "error": null, "skipped": null}
{"episode": "2298_20200218.144149_CA3", "arm": "fm_forced", "t": 1789758565.2696695, "wall_s": 41.6, "exit_code": 0, "timed_out": false, "result_subtype": "success", "num_turns": 17, "cost_usd": 0.3312224999999999, "error": null, "skipped": null}
{"episode": "P3925_20171026.105605_455nm", "arm": "fm_forced", "t": 1789758565.283767, "wall_s": 64.6, "exit_code": 0, "timed_out": false, "result_subtype": "success", "num_turns": 18, "cost_usd": 0.38617350000000006, "error": null, "skipped": null}
{"episode": "5417_20200218.145212_CA4", "arm": "classical", "t": 1789758572.044652, "wall_s": 34.1, "exit_code": 0, "timed_out": false, "result_subtype": "success", "num_turns": 13, "cost_usd": 0.26441049999999994, "error": null, "skipped": null}
{"episode": "5417_20200218.145212_CA4", "arm": "bare", "t": 1789758591.6319141, "wall_s": 26.4, "exit_code": 0, "timed_out": false, "result_subtype": "success", "num_turns": 9, "cost_usd": 0.12210549999999999, "error": null, "skipped": null}
{"episode": "5417_20200218.145212_CA4", "arm": "fm_forced", "t": 1789758593.4773004, "wall_s": 48.7, "exit_code": 0, "timed_out": false, "result_subtype": "success", "num_turns": 22, "cost_usd": 0.35313700000000003, "error": null, "skipped": null}
{"episode": "4014_20200218.161037_CA3", "arm": "bare", "t": 1789758599.4289148, "wall_s": 27.4, "exit_code": 0, "timed_out": false, "result_subtype": "success", "num_turns": 9, "cost_usd": 0.134066, "error": null, "skipped": null}
{"episode": "4014_20200218.161037_CA3", "arm": "fm_forced", "t": 1789758607.8588202, "wall_s": 42.6, "exit_code": 0, "timed_out": false, "result_subtype": "success", "num_turns": 17, "cost_usd": 0.270326, "error": null, "skipped": null}
{"episode": "2283_20200218.144324_CA2", "arm": "classical", "t": 1789758617.1390092, "wall_s": 23.7, "exit_code": 0, "timed_out": false, "result_subtype": "success", "num_turns": 7, "cost_usd": 0.188639, "error": null, "skipped": null}
{"episode": "4014_20200218.161037_CA3", "arm": "classical", "t": 1789758622.056645, "wall_s": 30.4, "exit_code": 0, "timed_out": false, "result_subtype": "success", "num_turns": 12, "cost_usd": 0.22506150000000003, "error": null, "skipped": null}
{"episode": "2283_20200218.144324_CA2", "arm": "bare", "t": 1789758641.7435317, "wall_s": 33.9, "exit_code": 0, "timed_out": false, "result_subtype": "success", "num_turns": 11, "cost_usd": 0.16659299999999996, "error": null, "skipped": null}
{"episode": "2286_20200218.144917_CA1", "arm": "bare", "t": 1789758650.4945045, "wall_s": 28.4, "exit_code": 0, "timed_out": false, "result_subtype": "success", "num_turns": 11, "cost_usd": 0.1473155, "error": null, "skipped": null}
{"episode": "2283_20200218.144324_CA2", "arm": "fm_forced", "t": 1789758651.8712614, "wall_s": 52.4, "exit_code": 0, "timed_out": false, "result_subtype": "success", "num_turns": 22, "cost_usd": 0.3672464999999999, "error": null, "skipped": null}
{"episode": "2286_20200218.144917_CA1", "arm": "fm_forced", "t": 1789758662.4601321, "wall_s": 45.3, "exit_code": 0, "timed_out": false, "result_subtype": "success", "num_turns": 16, "cost_usd": 0.4140655, "error": null, "skipped": null}
{"episode": "2286_20200218.144917_CA1", "arm": "classical", "t": 1789758663.0310228, "wall_s": 21.3, "exit_code": 0, "timed_out": false, "result_subtype": "success", "num_turns": 6, "cost_usd": 0.101334, "error": null, "skipped": null}
{"episode": "P3106_20171005.104558_455nm", "arm": "classical", "t": 1789758677.8779583, "wall_s": 26.0, "exit_code": 0, "timed_out": false, "result_subtype": "success", "num_turns": 7, "cost_usd": 0.256913, "error": null, "skipped": null}
{"episode": "P3106_20171005.104558_455nm", "arm": "bare", "t": 1789758698.391895, "wall_s": 35.9, "exit_code": 0, "timed_out": false, "result_subtype": "success", "num_turns": 11, "cost_usd": 0.2958434999999999, "error": null, "skipped": null}
{"episode": "P3557_20170802.130408_602nm", "arm": "bare", "t": 1789758707.5971582, "wall_s": 29.7, "exit_code": 0, "timed_out": false, "result_subtype": "success", "num_turns": 10, "cost_usd": 0.209488, "error": null, "skipped": null}
{"episode": "P3106_20171005.104558_455nm", "arm": "fm_forced", "t": 1789758711.9443321, "wall_s": 61.4, "exit_code": 0, "timed_out": false, "result_subtype": "success", "num_turns": 16, "cost_usd": 0.4246445, "error": null, "skipped": null}
{"episode": "P3557_20170802.130408_602nm", "arm": "fm_forced", "t": 1789758718.8974662, "wall_s": 55.9, "exit_code": 0, "timed_out": false, "result_subtype": "success", "num_turns": 18, "cost_usd": 0.343186, "error": null, "skipped": null}
{"episode": "P3557_20170802.130408_602nm", "arm": "classical", "t": 1789758725.929608, "wall_s": 27.5, "exit_code": 0, "timed_out": false, "result_subtype": "success", "num_turns": 8, "cost_usd": 0.20504250000000002, "error": null, "skipped": null}
{"episode": "4014_20200218.161037_CA4", "arm": "bare", "t": 1789758738.852134, "wall_s": 31.3, "exit_code": 0, "timed_out": false, "result_subtype": "success", "num_turns": 10, "cost_usd": 0.1513735, "error": null, "skipped": null}
{"episode": "4014_20200218.161037_CA4", "arm": "classical", "t": 1789758745.7524216, "wall_s": 26.9, "exit_code": 0, "timed_out": false, "result_subtype": "success", "num_turns": 8, "cost_usd": 0.19862149999999998, "error": null, "skipped": null}
{"episode": "4014_20200218.161037_CA4", "arm": "fm_forced", "t": 1789758756.302987, "wall_s": 44.4, "exit_code": 0, "timed_out": false, "result_subtype": "success", "num_turns": 19, "cost_usd": 0.291581, "error": null, "skipped": null}
{"episode": "4130_20200218.163122_CA3", "arm": "classical", "t": 1789758764.7252228, "wall_s": 25.9, "exit_code": 0, "timed_out": false, "result_subtype": "success", "num_turns": 7, "cost_usd": 0.20438699999999999, "error": null, "skipped": null}
{"episode": "4130_20200218.163122_CA3", "arm": "bare", "t": 1789758774.947719, "wall_s": 29.2, "exit_code": 0, "timed_out": false, "result_subtype": "success", "num_turns": 9, "cost_usd": 0.14475849999999998, "error": null, "skipped": null}
{"episode": "4130_20200218.163122_CA3", "arm": "fm_forced", "t": 1789758778.9942603, "wall_s": 53.1, "exit_code": 0, "timed_out": false, "result_subtype": "success", "num_turns": 19, "cost_usd": 0.35543349999999996, "error": null, "skipped": null}
{"episode": "P3051_20170427.113107_385nm", "arm": "bare", "t": 1789758784.9243069, "wall_s": 28.6, "exit_code": 0, "timed_out": false, "result_subtype": "success", "num_turns": 9, "cost_usd": 0.1263335, "error": null, "skipped": null}
{"episode": "P3051_20170427.113107_385nm", "arm": "classical", "t": 1789758787.6341403, "wall_s": 22.9, "exit_code": 0, "timed_out": false, "result_subtype": "success", "num_turns": 7, "cost_usd": 0.1112695, "error": null, "skipped": null}
{"episode": "P3050_20160613.162428_385nm", "arm": "classical", "t": 1789758800.606507, "wall_s": 21.6, "exit_code": 0, "timed_out": false, "result_subtype": "success", "num_turns": 6, "cost_usd": 0.098826, "error": null, "skipped": null}
{"episode": "P3050_20160613.162428_385nm", "arm": "bare", "t": 1789758810.8484054, "wall_s": 25.9, "exit_code": 0, "timed_out": false, "result_subtype": "success", "num_turns": 11, "cost_usd": 0.130222, "error": null, "skipped": null}
{"episode": "P3051_20170427.113107_385nm", "arm": "fm_forced", "t": 1789758818.991799, "wall_s": 44.0, "exit_code": 0, "timed_out": false, "result_subtype": "success", "num_turns": 19, "cost_usd": 0.33303849999999996, "error": null, "skipped": null}
{"episode": "5407_20200218.162628_CA1", "arm": "classical", "t": 1789758823.4365914, "wall_s": 22.8, "exit_code": 0, "timed_out": false, "result_subtype": "success", "num_turns": 7, "cost_usd": 0.23847000000000002, "error": null, "skipped": null}
{"episode": "P3050_20160613.162428_385nm", "arm": "fm_forced", "t": 1789758835.1500027, "wall_s": 47.5, "exit_code": 0, "timed_out": false, "result_subtype": "success", "num_turns": 21, "cost_usd": 0.41588400000000003, "error": null, "skipped": null}
{"episode": "5407_20200218.162628_CA1", "arm": "bare", "t": 1789758838.0624502, "wall_s": 27.2, "exit_code": 0, "timed_out": false, "result_subtype": "success", "num_turns": 9, "cost_usd": 0.1376485, "error": null, "skipped": null}
{"episode": "P3592_20170802.125607_516nm", "arm": "bare", "t": 1789758856.1851819, "wall_s": 32.7, "exit_code": 0, "timed_out": false, "result_subtype": "success", "num_turns": 10, "cost_usd": 0.30437000000000003, "error": null, "skipped": null}
{"episode": "5407_20200218.162628_CA1", "arm": "fm_forced", "t": 1789758862.6822534, "wall_s": 43.7, "exit_code": 0, "timed_out": false, "result_subtype": "success", "num_turns": 18, "cost_usd": 0.357249, "error": null, "skipped": null}
{"episode": "P3592_20170802.125607_516nm", "arm": "classical", "t": 1789758871.2554486, "wall_s": 33.2, "exit_code": 0, "timed_out": false, "result_subtype": "success", "num_turns": 8, "cost_usd": 0.300856, "error": null, "skipped": null}
{"episode": "4014_20200218.161037_CA2", "arm": "classical", "t": 1789758881.6120722, "wall_s": 18.9, "exit_code": 0, "timed_out": false, "result_subtype": "success", "num_turns": 6, "cost_usd": 0.0943765, "error": null, "skipped": null}
{"episode": "4014_20200218.161037_CA2", "arm": "bare", "t": 1789758889.3777237, "wall_s": 33.2, "exit_code": 0, "timed_out": false, "result_subtype": "success", "num_turns": 10, "cost_usd": 0.1621085, "error": null, "skipped": null}
{"episode": "P3592_20170802.125607_516nm", "arm": "fm_forced", "t": 1789758897.3532112, "wall_s": 62.2, "exit_code": 0, "timed_out": false, "result_subtype": "success", "num_turns": 21, "cost_usd": 0.4620609999999999, "error": null, "skipped": null}
{"episode": "4014_20200218.161037_CA2", "arm": "fm_forced", "t": 1789758914.452973, "wall_s": 43.2, "exit_code": 0, "timed_out": false, "result_subtype": "success", "num_turns": 16, "cost_usd": 0.27500700000000006, "error": null, "skipped": null}
{"episode": "2283_20200218.144324_CA4", "arm": "bare", "t": 1789758919.7216225, "wall_s": 30.3, "exit_code": 0, "timed_out": false, "result_subtype": "success", "num_turns": 11, "cost_usd": 0.1498985, "error": null, "skipped": null}
{"episode": "2283_20200218.144324_CA4", "arm": "classical", "t": 1789758919.7313523, "wall_s": 22.4, "exit_code": 0, "timed_out": false, "result_subtype": "success", "num_turns": 7, "cost_usd": 0.11329449999999999, "error": null, "skipped": null}
{"episode": "2283_20200218.144324_CA4", "arm": "fm_forced", "t": 1789758926.7805147, "wall_s": 45.2, "exit_code": 0, "timed_out": false, "result_subtype": "success", "num_turns": 17, "cost_usd": 0.315829, "error": null, "skipped": null}
{"episode": "5436_20220623.173226_CA3", "arm": "bare", "t": 1789758944.6235068, "wall_s": 24.9, "exit_code": 0, "timed_out": false, "result_subtype": "success", "num_turns": 11, "cost_usd": 0.12930950000000002, "error": null, "skipped": null}
{"episode": "5436_20220623.173226_CA3", "arm": "classical", "t": 1789758949.0905135, "wall_s": 29.4, "exit_code": 0, "timed_out": false, "result_subtype": "success", "num_turns": 11, "cost_usd": 0.21628099999999997, "error": null, "skipped": null}
{"episode": "5436_20220623.173226_CA3", "arm": "fm_forced", "t": 1789758962.2564, "wall_s": 47.8, "exit_code": 0, "timed_out": false, "result_subtype": "success", "num_turns": 21, "cost_usd": 0.31975549999999997, "error": null, "skipped": null}
{"episode": "P3574_20170802.123609_387nm", "arm": "bare", "t": 1789758975.9486337, "wall_s": 31.3, "exit_code": 0, "timed_out": false, "result_subtype": "success", "num_turns": 10, "cost_usd": 0.25813200000000003, "error": null, "skipped": null}
{"episode": "P3574_20170802.123609_387nm", "arm": "classical", "t": 1789758976.2372794, "wall_s": 27.1, "exit_code": 0, "timed_out": false, "result_subtype": "success", "num_turns": 7, "cost_usd": 0.23346099999999997, "error": null, "skipped": null}
{"episode": "P3574_20170802.123609_387nm", "arm": "fm_forced", "t": 1789758979.084093, "wall_s": 52.3, "exit_code": 0, "timed_out": false, "result_subtype": "success", "num_turns": 15, "cost_usd": 0.355391, "error": null, "skipped": null}
{"episode": "3519_20200218.150107_CA1", "arm": "classical", "t": 1789758995.959901, "wall_s": 19.7, "exit_code": 0, "timed_out": false, "result_subtype": "success", "num_turns": 6, "cost_usd": 0.09672150000000002, "error": null, "skipped": null}
{"episode": "3519_20200218.150107_CA1", "arm": "bare", "t": 1789759004.5393295, "wall_s": 28.6, "exit_code": 0, "timed_out": false, "result_subtype": "success", "num_turns": 11, "cost_usd": 0.149007, "error": null, "skipped": null}
{"episode": "3519_20200218.150107_CA1", "arm": "fm_forced", "t": 1789759012.057527, "wall_s": 49.8, "exit_code": 0, "timed_out": false, "result_subtype": "success", "num_turns": 21, "cost_usd": 0.3135215, "error": null, "skipped": null}
{"episode": "5415_20200218.161125_CA4", "arm": "bare", "t": 1789759022.557013, "wall_s": 26.6, "exit_code": 0, "timed_out": false, "result_subtype": "success", "num_turns": 10, "cost_usd": 0.1375095, "error": null, "skipped": null}
{"episode": "5415_20200218.161125_CA4", "arm": "fm_forced", "t": 1789759025.3609574, "wall_s": 46.3, "exit_code": 0, "timed_out": false, "result_subtype": "success", "num_turns": 17, "cost_usd": 0.414378, "error": null, "skipped": null}
{"episode": "5415_20200218.161125_CA4", "arm": "classical", "t": 1789759027.9657278, "wall_s": 23.4, "exit_code": 0, "timed_out": false, "result_subtype": "success", "num_turns": 7, "cost_usd": 0.1180915, "error": null, "skipped": null}
{"episode": "P3557_20170802.130408_516nm", "arm": "classical", "t": 1789759045.7479084, "wall_s": 23.2, "exit_code": 0, "timed_out": false, "result_subtype": "success", "num_turns": 7, "cost_usd": 0.206021, "error": null, "skipped": null}
{"episode": "P3557_20170802.130408_516nm", "arm": "bare", "t": 1789759048.9105825, "wall_s": 23.5, "exit_code": 0, "timed_out": false, "result_subtype": "success", "num_turns": 6, "cost_usd": 0.19970900000000003, "error": null, "skipped": null}
{"episode": "5436_20200218.145045_CA4", "arm": "classical", "t": 1789759052.3997676, "wall_s": 24.4, "exit_code": 0, "timed_out": false, "result_subtype": "success", "num_turns": 8, "cost_usd": 0.18802999999999997, "error": null, "skipped": null}
{"episode": "P3557_20170802.130408_516nm", "arm": "fm_forced", "t": 1789759068.2006776, "wall_s": 56.1, "exit_code": 0, "timed_out": false, "result_subtype": "success", "num_turns": 16, "cost_usd": 0.35922199999999993, "error": null, "skipped": null}
{"episode": "5436_20200218.145045_CA4", "arm": "bare", "t": 1789759072.7238357, "wall_s": 23.8, "exit_code": 0, "timed_out": false, "result_subtype": "success", "num_turns": 10, "cost_usd": 0.123489, "error": null, "skipped": null}
{"episode": "P3588_20170802.131816_602nm", "arm": "classical", "t": 1789759086.6176744, "wall_s": 34.2, "exit_code": 0, "timed_out": false, "result_subtype": "success", "num_turns": 7, "cost_usd": 0.37401949999999995, "error": null, "skipped": null}
{"episode": "5436_20200218.145045_CA4", "arm": "fm_forced", "t": 1789759091.2554026, "wall_s": 45.5, "exit_code": 0, "timed_out": false, "result_subtype": "success", "num_turns": 19, "cost_usd": 0.29793650000000005, "error": null, "skipped": null}
{"episode": "P3588_20170802.131816_602nm", "arm": "bare", "t": 1789759101.3769143, "wall_s": 28.7, "exit_code": 0, "timed_out": false, "result_subtype": "success", "num_turns": 6, "cost_usd": 0.33777199999999996, "error": null, "skipped": null}
{"episode": "2283_20200218.162104_CA4", "arm": "classical", "t": 1789759108.9050522, "wall_s": 22.3, "exit_code": 0, "timed_out": false, "result_subtype": "success", "num_turns": 7, "cost_usd": 0.112631, "error": null, "skipped": null}
{"episode": "P3059_20170503.135031_385nm", "arm": "classical", "t": 1789759129.497597, "wall_s": 20.6, "exit_code": 0, "timed_out": false, "result_subtype": "success", "num_turns": 7, "cost_usd": 0.28742999999999996, "error": null, "skipped": null}
{"episode": "2283_20200218.162104_CA4", "arm": "bare", "t": 1789759132.1093295, "wall_s": 30.7, "exit_code": 0, "timed_out": false, "result_subtype": "success", "num_turns": 10, "cost_usd": 0.1542775, "error": null, "skipped": null}
{"episode": "P3588_20170802.131816_602nm", "arm": "fm_forced", "t": 1789759132.8072238, "wall_s": 64.6, "exit_code": 0, "timed_out": false, "result_subtype": "success", "num_turns": 19, "cost_usd": 0.54642, "error": null, "skipped": null}
{"episode": "2283_20200218.162104_CA4", "arm": "fm_forced", "t": 1789759138.9494543, "wall_s": 47.7, "exit_code": 0, "timed_out": false, "result_subtype": "success", "num_turns": 19, "cost_usd": 0.3290915, "error": null, "skipped": null}
{"episode": "P3059_20170503.135031_385nm", "arm": "bare", "t": 1789759147.8394008, "wall_s": 15.7, "exit_code": 0, "timed_out": false, "result_subtype": "success", "num_turns": 6, "cost_usd": 0.08582549999999999, "error": null, "skipped": null}
{"episode": "P4135_20170727.133340_602nm", "arm": "bare", "t": 1789759156.9264405, "wall_s": 18.0, "exit_code": 0, "timed_out": false, "result_subtype": "success", "num_turns": 6, "cost_usd": 0.20930099999999996, "error": null, "skipped": null}
{"episode": "P3059_20170503.135031_385nm", "arm": "fm_forced", "t": 1789759169.8116286, "wall_s": 40.3, "exit_code": 0, "timed_out": false, "result_subtype": "success", "num_turns": 17, "cost_usd": 0.4120425, "error": null, "skipped": null}
{"episode": "P4135_20170727.133340_602nm", "arm": "classical", "t": 1789759174.2947657, "wall_s": 26.5, "exit_code": 0, "timed_out": false, "result_subtype": "success", "num_turns": 8, "cost_usd": 0.2652485, "error": null, "skipped": null}
{"episode": "P4135_20170727.133340_602nm", "arm": "fm_forced", "t": 1789759176.8911633, "wall_s": 44.1, "exit_code": 0, "timed_out": false, "result_subtype": "success", "num_turns": 15, "cost_usd": 0.35681199999999996, "error": null, "skipped": null}
{"episode": "P4376_20171130.114752_455nm", "arm": "classical", "t": 1789759181.7422104, "wall_s": 24.8, "exit_code": 0, "timed_out": false, "result_subtype": "success", "num_turns": 7, "cost_usd": 0.1929255, "error": null, "skipped": null}
